// Jest Snapshot v1, https://goo.gl/fbAQLP

exports[`renders correctly by default 1`] = `
<div>
  <h1>
    someTitle
  </h1>
  <ul>
    <li>
      Rubber
    </li>
    <li>
      Duck
    </li>
  </ul>
</div>
`;

exports[`renders correctly when api is loading 1`] = `
<div>
  <div>
    Loader
  </div>
</div>
`;
